[10-10-2025 06:37:09] Encryption: File=eb859d62-2edb-4ae0-a621-2168187ea3b5.pdf, PolicyholderID=4
[10-10-2025 06:58:08] Decryption: ClaimID=18, UserID=, File=e89ea26a-94db-44ba-bad0-8beb8dfa8996.pdf
[10-10-2025 06:58:38] Decryption: ClaimID=19, UserID=, File=eb859d62-2edb-4ae0-a621-2168187ea3b5.pdf
[10-10-2025 08:30:01] Decryption: ClaimID=18, UserID=, File=e89ea26a-94db-44ba-bad0-8beb8dfa8996.pdf
[13-10-2025 04:43:13] Encryption: File=b8e6d02e-a233-4bcf-9d65-7fc35b39dd27.pdf, PolicyholderID=8
[13-10-2025 13:00:38] Encryption: File=de5af0a3-f3f8-4fc6-bff3-1f7d5bba9527.pdf, PolicyholderID=1
[13-10-2025 14:03:12] Encryption: File=d789a8dd-ff3d-46e0-8163-4c207b7e692f.pdf, PolicyholderID=10
[13-10-2025 14:23:47] Encryption: File=dab1fe9b-2daa-4e6c-ae77-a1c059482ac5.pdf, PolicyholderID=13
[13-10-2025 14:25:50] Encryption: File=c5d2ce1a-4493-46e9-ba99-11cf6f6c48bc.pdf, PolicyholderID=12
[13-10-2025 14:25:57] Encryption: File=0fc562c5-4931-45f5-8e88-b5d7c6ffde46.pdf, PolicyholderID=12
[13-10-2025 14:26:58] Encryption: File=d581f792-01ec-48bd-99b8-5e1238b81016.pdf, PolicyholderID=12
[13-10-2025 16:38:31] Encryption: File=d680049e-fca7-4457-b07e-fe86cf2a795b.png, PolicyholderID=12
[13-10-2025 17:46:39] Encryption: File=9c4c4f0b-1590-4340-a8db-f86f83c0e10c.png, PolicyholderID=7
[13-10-2025 17:50:54] Encryption: File=e6259feb-a6d9-41bf-869f-793c083e6f2f.pdf, PolicyholderID=22
[13-10-2025 18:02:25] Encryption: File=93c4a0ff-a6a2-4034-81da-10c66e5178dc.png, PolicyholderID=23
[14-10-2025 06:49:14] Encryption: File=dcc51dd1-b466-4e70-b827-393f73a486ca.pdf, PolicyholderID=27
[14-10-2025 06:58:54] Encryption: File=6de08fac-5138-4fcf-98e5-9aaee15d626d.pdf, PolicyholderID=28
[14-10-2025 08:24:05] Encryption: File=39f0a29b-bd17-4be3-90f3-b0e8ab38cd47.pdf, PolicyholderID=29
[14-10-2025 08:43:05] Encryption: File=7891970d-549f-4c90-9df9-a44a9d988009.pdf, PolicyholderID=30
[14-10-2025 10:55:37] Encryption: File=58c08d65-e1d1-4ef1-bb16-5a51e5ecd65a.pdf, PolicyholderID=31
[14-10-2025 12:05:25] Encryption: File=00a56de3-c6a3-4f98-a201-f7f5219bb86f.pdf, PolicyholderID=32
[14-10-2025 12:05:25] Encryption: File=0e9b3c9c-79a6-4447-bc5a-1c8430ed297d.pdf, PolicyholderID=32
[15-10-2025 08:49:26] Encryption: File=58437570-7f81-4024-b8d6-802e60f2bef5.pdf, PolicyholderID=33
[16-10-2025 09:16:42] Encryption: File=4f334d1a-0102-47b9-802b-ed6f89895d81.pdf, PolicyholderID=10
[16-10-2025 10:35:35] Encryption: File=4e45a716-490d-40cf-96bd-dc43debadc2b.pdf, PolicyholderID=11
[16-10-2025 12:20:33] Encryption: File=6007b713-1da6-4681-bf22-91b5572cb333.pdf, PolicyholderID=48
[16-10-2025 17:42:25] Encryption: File=4f9a976c-b39c-4ce2-97a9-208c67aae0fa.pdf, PolicyholderID=49
[16-10-2025 17:54:20] Encryption: File=420ba979-c268-47c8-b7a6-035cb1102555.pdf, PolicyholderID=50
[16-10-2025 18:59:14] Encryption: File=2fab5219-9cfa-43c6-b313-86d4ada620b1.pdf, PolicyholderID=51
[17-10-2025 09:22:34] Encryption: File=7e0348c0-a7f5-4272-887a-f10d618f6653.pdf, PolicyholderID=1
[18-10-2025 07:29:01] Encryption: File=7ddee440-7c6c-41a8-9d3f-b597eec6ebcb.pdf, PolicyholderID=2
[18-10-2025 07:38:03] Encryption: File=3e9f9b4e-9e01-4ceb-9777-8411b9529951.pdf, PolicyholderID=3
[18-10-2025 18:01:09] Encryption: File=25f4004a-cdfd-4d97-a71c-88243d39dc4c.pdf, PolicyholderID=8
[18-10-2025 18:42:07] Encryption: File=6f9896b2-6f04-4cf3-9c9a-3938d41165e8.pdf, PolicyholderID=11
[18-10-2025 19:26:40] Encryption: File=190beba9-4b83-46d8-bc9e-1cf0f820fa55.pdf, PolicyholderID=12
[19-10-2025 06:02:48] Encryption: File=9e5e2a32-dc4b-45b3-8aba-d810816d999a.pdf, PolicyholderID=46
[19-10-2025 06:58:12] Encryption: File=c9b3d036-e33b-4745-9269-6d4ee06467f5.pdf, PolicyholderID=1
[19-10-2025 10:43:11] Encryption: File=59c22fb6-4950-4372-bdff-72de1680d74a.pdf, PolicyholderID=2
[19-10-2025 16:18:55] Encryption: File=c66526c4-bb08-432d-be4b-13e78fde25e2.pdf, PolicyholderID=3
[19-10-2025 16:36:59] Encryption: File=4ee3b891-59a6-47b1-82f4-d9fa635d5a7e.pdf, PolicyholderID=4
[19-10-2025 16:49:33] Encryption: File=82fde702-e97c-4178-9c33-c234f54cdf19.pdf, PolicyholderID=5
[19-10-2025 18:09:40] Encryption: File=fdc60fd7-bd98-446b-8516-5c3d74586bbd.pdf, PolicyholderID=6
[20-10-2025 16:40:37] Encryption: File=6c87ff2f-d5d6-4491-9c70-678f68849c31.pdf, PolicyholderID=7
[21-10-2025 05:51:09] Encryption: File=6c4893c5-fcf6-41a8-b059-efb81e46fe3d.pdf, PolicyholderID=8
[21-10-2025 06:24:50] Encryption: File=c2c6f59f-e3d0-47be-9446-f3248a8267b8.pdf, PolicyholderID=9
[21-10-2025 09:52:06] Encryption: File=7a693b28-f57e-4391-8e4e-4aeb2b37532a.pdf, PolicyholderID=10
[22-10-2025 03:23:02] Encryption: File=792f01e4-ea61-4563-95bc-86c55fdf230f.pdf, PolicyholderID=11
[29-10-2025 18:22:48] Encryption: File=d972178c-2610-4868-ae4f-0f7cc285a9d9.pdf, PolicyholderID=14
[01-11-2025 06:15:11] Encryption: File=87374e2a-6037-48e1-8e5e-2ec53e78737c.pdf, PolicyholderID=19
[01-11-2025 07:57:19] Encryption: File=93169c3e-1f21-49d0-bd7c-17824f79fcd1.pdf, PolicyholderID=20
[01-11-2025 15:44:12] Encryption: File=75aa55f2-5082-4749-b05c-8290f99d3b3f.pdf, PolicyholderID=21
[01-11-2025 18:30:49] Encryption: File=308e359f-7f5d-4921-8bfd-3b6adb0d01ed.pdf, PolicyholderID=22
[01-11-2025 18:57:13] Encryption: File=1e0c315c-2c41-4649-99d7-c305957c54ad.pdf, PolicyholderID=23
[02-11-2025 14:58:06] Encryption: File=164c45fe-126b-4527-b6b5-a1f05639cf05.pdf, PolicyholderID=24
[02-11-2025 15:02:22] Encryption: File=ab82f1b2-c3d0-479a-a7f9-f8301f90be37.pdf, PolicyholderID=25
[04-11-2025 05:18:44] Encryption: File=93385777-5443-456d-a015-000e65b4624f.pdf, PolicyholderID=26
[04-11-2025 10:47:10] Encryption: File=cdc3afc0-fc21-420c-bf60-38fb7f6659d7.pdf, PolicyholderID=27
[04-11-2025 10:47:10] Encryption: File=29cabde8-5487-4833-b625-10880b6453f7.jpg, PolicyholderID=27
[04-11-2025 11:30:26] Encryption: File=211a79f4-94e0-4ce8-842d-bcd313c64929.png, PolicyholderID=28
[05-11-2025 18:09:23] Encryption: File=9680f434-7678-4f6c-9aa1-5dd954db5d82.pdf, PolicyholderID=30
[05-11-2025 18:57:48] Encryption: File=b27846e8-2ce1-4445-a3f9-ac070766989e.png, PolicyholderID=31
[05-11-2025 19:03:56] Encryption: File=8008a3e0-2f56-44aa-b95f-751e4844b3a0.png, PolicyholderID=32
[06-11-2025 04:12:00] Encryption: File=a14ce0a3-2324-46f1-b880-98b16debc44b.png, PolicyholderID=33
[06-11-2025 04:44:46] Encryption: File=1f91f7b5-d176-4d0f-8a21-621ea4ba50da.png, PolicyholderID=34
[06-11-2025 04:56:07] Encryption: File=f02bcd81-750c-4d45-974e-d124fe9c9ae2.png, PolicyholderID=35
[06-11-2025 05:10:02] Encryption: File=b5b39e9e-f91d-4657-9481-184d33623acc.png, PolicyholderID=36
[06-11-2025 11:56:01] Encryption: File=000af8e8-dd87-4be8-bfc2-67680df2b441.pdf, PolicyholderID=37
[06-11-2025 12:17:04] Encryption: File=4e72eff8-d97d-4300-b8a8-ad0bf6b8a08c.png, PolicyholderID=38
[06-11-2025 17:09:46] Encryption: File=928813c9-ecea-46ed-a876-5a104ecf8ebe.png, PolicyholderID=39
[07-11-2025 07:23:51] Encryption: File=7dfa7eb8-69b2-4eb1-9a8d-a5becc195e0b.png, PolicyholderID=40
[07-11-2025 08:39:23] Encryption: File=c6d8dd35-e734-4f11-9a26-8e46df48ad58.png, PolicyholderID=41
[07-11-2025 11:55:59] Encryption: File=427b85e4-e272-4ba4-ada8-11201f9f7a43.png, PolicyholderID=42
[07-11-2025 12:00:23] Encryption: File=c841f8d6-b446-4da5-a8cd-78d18fa742dd.png, PolicyholderID=43
[08-11-2025 10:49:42] Encryption: File=ce7dd6a1-6a76-4e39-8ac7-7420bcbabae1.pdf, PolicyholderID=45
